// Jest Snapshot v1, https://goo.gl/fbAQLP

exports[`toy-tree fixtures 1`] = `
"fixtures
"
`;
